/home/thombang/repos/pg-hpepc-reconos/lda/build.hw/implementation/system.ngc 1467304231
/home/thombang/repos/pg-hpepc-reconos/lda/build.hw/implementation/system_processing_system7_0_wrapper.ngc 1467304094
/home/thombang/repos/pg-hpepc-reconos/lda/build.hw/implementation/system_axi_hwt_wrapper.ngc 1467304207
/home/thombang/repos/pg-hpepc-reconos/lda/build.hw/implementation/system_axi_mem_wrapper.ngc 1467304211
/home/thombang/repos/pg-hpepc-reconos/lda/build.hw/implementation/system_reconos_clock_0_wrapper.ngc 1467304195
/home/thombang/repos/pg-hpepc-reconos/lda/build.hw/implementation/system_reset_0_wrapper.ngc 1467304084
/home/thombang/repos/pg-hpepc-reconos/lda/build.hw/implementation/system_reconos_memif_memory_controller_0_wrapper.ngc 1467304188
/home/thombang/repos/pg-hpepc-reconos/lda/build.hw/implementation/system_reconos_proc_control_0_wrapper.ngc 1467304102
/home/thombang/repos/pg-hpepc-reconos/lda/build.hw/implementation/system_reconos_osif_0_wrapper.ngc 1467304109
/home/thombang/repos/pg-hpepc-reconos/lda/build.hw/implementation/system_reconos_osif_intc_0_wrapper.ngc 1467304116
/home/thombang/repos/pg-hpepc-reconos/lda/build.hw/implementation/system_timer_0_wrapper.ngc 1467304203
/home/thombang/repos/pg-hpepc-reconos/lda/build.hw/implementation/system_reconos_memif_mmu_0_wrapper.ngc 1467304178
/home/thombang/repos/pg-hpepc-reconos/lda/build.hw/implementation/system_slot_0_wrapper.ngc 1467304134
/home/thombang/repos/pg-hpepc-reconos/lda/build.hw/implementation/system_reconos_osif_hw2sw_0_wrapper.ngc 1467304141
/home/thombang/repos/pg-hpepc-reconos/lda/build.hw/implementation/system_reconos_osif_sw2hw_0_wrapper.ngc 1467304148
/home/thombang/repos/pg-hpepc-reconos/lda/build.hw/implementation/system_reconos_memif_hwt2mem_0_wrapper.ngc 1467304155
/home/thombang/repos/pg-hpepc-reconos/lda/build.hw/implementation/system_reconos_memif_mem2hwt_0_wrapper.ngc 1467304162
/home/thombang/repos/pg-hpepc-reconos/lda/build.hw/implementation/system_reconos_memif_arbiter_0_wrapper.ngc 1467304169
OK
